// Jest Snapshot v1, https://goo.gl/fbAQLP

exports[`ProductCard should render 1`] = `
<DocumentFragment>
  <div
    class="wigmix-product-card"
  >
    <a
      class="cursor-pointer"
      data-pw="ut-product-result-card-1"
      href=""
      rel=""
      target=""
    >
      <div
        class="wigmix-product-card-image-container"
      >
        <div
          class="flex justify-center relative"
        >
          <div
            class="group relative overflow-hidden bg-content3 dark:bg-content2 pointer-events-none before:opacity-100 before:absolute before:inset-0 before:-translate-x-full before:animate-[shimmer_2s_infinite] before:border-t before:border-content4/30 before:bg-gradient-to-r before:from-transparent before:via-content4 dark:before:via-default-700/10 before:to-transparent after:opacity-100 after:absolute after:inset-0 after:-z-10 after:bg-content3 dark:after:bg-content2 data-[loaded=true]:pointer-events-auto data-[loaded=true]:overflow-visible data-[loaded=true]:!bg-transparent data-[loaded=true]:before:opacity-0 data-[loaded=true]:before:-z-10 data-[loaded=true]:before:animate-none data-[loaded=true]:after:opacity-0 transition-background !duration-300 aspect-square size-full"
          >
            <div
              class="opacity-0 group-data-[loaded=true]:opacity-100 transition-opacity motion-reduce:transition-none !duration-300"
            />
          </div>
          <img
            alt=""
            class="wigmix-product-card-image aspect-square object-cover "
            data-pw="ut-product-result-card-image-1"
            src="test_image_url"
          />
        </div>
      </div>
      <div
        class="wigmix-product-card-details pt-2"
      >
        <span
          class="wigmix-product-card-title line-clamp-1"
        >
          product_title
        </span>
        <span
          class="wigmix-product-card-secondary-title line-clamp-1"
        />
        <span
          class="wigmix-product-card-price"
        >
          $100.00
        </span>
      </div>
    </a>
  </div>
</DocumentFragment>
`;
